---
source: src/dotenv/typehint_parser.rs
expression: "Lexer::new(\"@type boolean\").collect::<Vec<_>>()"
---
[
    Token {
        kind: Keyword,
        text: "@type",
    },
    Token {
        kind: BooleanType,
        text: "boolean",
    },
]
