---
source: src/env/typehint_parser.rs
expression: "Parser::new(\"@type 'qa' | 'dev' | 'prod'\").parse()"
---
Some(
    Union(
        [
            "'qa'",
            "'dev'",
            "'prod'",
        ],
    ),
)
