---
source: src/env/typehint_parser.rs
expression: "Parser::new(\"@type boolean\").parse()"
---
Some(
    Boolean,
)
