---
source: src/env/typehint_parser.rs
expression: "Lexer::new(\"@type boolean\").collect::<Vec<_>>()"
---
[
    Token {
        kind: Keyword,
        start: 0,
        text: "@type",
    },
    Token {
        kind: BooleanType,
        start: 6,
        text: "boolean",
    },
]
