---
source: src/dotenv/typehint_parser.rs
expression: "Parser::new(\"@type boolean\").parse()"
---
Ok(
    Boolean,
)
