---
source: src/main.rs
expression: output
---
declare namespace TestMultiple { export type Document0 = {'calling-birds': ['huey','dewey','louie','fred'],'doe': 'a deer, a female deer','french-hens': 3,'pi': 3.14159,'ray': 'a drop of golden sun','xmas': true,'xmas-fifth-day': {'calling-birds': 'four','french-hens': 3,'golden-rings': 5,'partridges': {'count': 1,'location': 'a pear tree'},'turtle-doves': 'two'}}
export type Document1 = {'calling-birds': ['huey','dewey','louie','fred'],'doe': 'a deer, a female deer'}
export type Document2 = {'hello': 'world'} }
